--------------------------------------------------------------------------------------
Timing Analyzer Summary
--------------------------------------------------------------------------------------

Type           : Worst-case tsu
Slack          : N/A
Required Time  : None
Actual Time    : 10.145 ns
From           : SEL_MUX2[0]
To             : rounder:rounding|OUT_ROUND[6]
From Clock     : --
To Clock       : CLK
Failed Paths   : 0

Type           : Worst-case tco
Slack          : N/A
Required Time  : None
Actual Time    : 9.097 ns
From           : counter_Nbit:cnt_1|tflipflop:\GEN_CNT:3:TFF_X|dflipflop:ff|Q
To             : ADDRESS_MEM[3]
From Clock     : CLK
To Clock       : --
Failed Paths   : 0

Type           : Worst-case th
Slack          : N/A
Required Time  : None
Actual Time    : 0.195 ns
From           : EN_CNT_1
To             : counter_Nbit:cnt_1|tflipflop:\GEN_CNT:2:TFF_X|dflipflop:ff|Q
From Clock     : --
To Clock       : CLK
Failed Paths   : 0

Type           : Clock Setup: 'CLK'
Slack          : N/A
Required Time  : None
Actual Time    : 173.01 MHz ( period = 5.780 ns )
From           : reg_sig:ff_2|Q[1]
To             : rounder:rounding|OUT_ROUND[6]
From Clock     : CLK
To Clock       : CLK
Failed Paths   : 0

Type           : Total number of failed paths
Slack          : 
Required Time  : 
Actual Time    : 
From           : 
To             : 
From Clock     : 
To Clock       : 
Failed Paths   : 0

--------------------------------------------------------------------------------------

