Analysis & Synthesis report for LAB6
Sun Apr 28 15:36:54 2019
Quartus II Version 9.1 Build 304 01/25/2010 Service Pack 1 SJ Web Edition


---------------------
; Table of Contents ;
---------------------
  1. Legal Notice
  2. Analysis & Synthesis Summary
  3. Analysis & Synthesis Settings
  4. Parallel Compilation
  5. Analysis & Synthesis Source Files Read
  6. Analysis & Synthesis Resource Usage Summary
  7. Analysis & Synthesis Resource Utilization by Entity
  8. State Machine - |LAB6|FSM:CU|PS
  9. Registers Removed During Synthesis
 10. General Register Statistics
 11. Multiplexer Restructuring Statistics (Restructuring Performed)
 12. Parameter Settings for User Entity Instance: Datapath:DP|reg_sig:ff_1
 13. Parameter Settings for User Entity Instance: Datapath:DP|reg_sig:ff_2
 14. Parameter Settings for User Entity Instance: Datapath:DP|Adder:sommatore
 15. Parameter Settings for User Entity Instance: Datapath:DP|reg_sig:ff_3
 16. Parameter Settings for User Entity Instance: Datapath:DP|reg_sig:ff_4
 17. Parameter Settings for User Entity Instance: Datapath:DP|counter_Nbit:cnt_1
 18. Parameter Settings for User Entity Instance: Datapath:DP|Counter_positivi:cnt_2|HA:HalfAdder
 19. Parameter Settings for User Entity Instance: Datapath:DP|Counter_positivi:cnt_2|reg_unsigned:reg
 20. Port Connectivity Checks: "FSM:CU"
 21. Port Connectivity Checks: "Datapath:DP|Counter_positivi:cnt_2|HA:HalfAdder"
 22. Port Connectivity Checks: "Datapath:DP|counter_Nbit:cnt_1|tflipflop:\GEN_CNT:9:TFF_X"
 23. Port Connectivity Checks: "Datapath:DP|counter_Nbit:cnt_1|tflipflop:\GEN_CNT:8:TFF_X"
 24. Port Connectivity Checks: "Datapath:DP|counter_Nbit:cnt_1|tflipflop:\GEN_CNT:7:TFF_X"
 25. Port Connectivity Checks: "Datapath:DP|counter_Nbit:cnt_1|tflipflop:\GEN_CNT:6:TFF_X"
 26. Port Connectivity Checks: "Datapath:DP|counter_Nbit:cnt_1|tflipflop:\GEN_CNT:5:TFF_X"
 27. Port Connectivity Checks: "Datapath:DP|counter_Nbit:cnt_1|tflipflop:\GEN_CNT:4:TFF_X"
 28. Port Connectivity Checks: "Datapath:DP|counter_Nbit:cnt_1|tflipflop:\GEN_CNT:3:TFF_X"
 29. Port Connectivity Checks: "Datapath:DP|counter_Nbit:cnt_1|tflipflop:\GEN_CNT:2:TFF_X"
 30. Port Connectivity Checks: "Datapath:DP|counter_Nbit:cnt_1|tflipflop:\GEN_CNT:1:TFF_X"
 31. Port Connectivity Checks: "Datapath:DP|counter_Nbit:cnt_1|tflipflop:\GEN_CNT:0:TFF_X"
 32. Port Connectivity Checks: "Datapath:DP"
 33. Analysis & Synthesis Messages



----------------
; Legal Notice ;
----------------
Copyright (C) 1991-2010 Altera Corporation
Your use of Altera Corporation's design tools, logic functions 
and other software and tools, and its AMPP partner logic 
functions, and any output files from any of the foregoing 
(including device programming or simulation files), and any 
associated documentation or information are expressly subject 
to the terms and conditions of the Altera Program License 
Subscription Agreement, Altera MegaCore Function License 
Agreement, or other applicable license agreement, including, 
without limitation, that your use is for the sole purpose of 
programming logic devices manufactured by Altera and sold by 
Altera or its authorized distributors.  Please refer to the 
applicable agreement for further details.



+-----------------------------------------------------------------------------------+
; Analysis & Synthesis Summary                                                      ;
+------------------------------------+----------------------------------------------+
; Analysis & Synthesis Status        ; Successful - Sun Apr 28 15:36:54 2019        ;
; Quartus II Version                 ; 9.1 Build 304 01/25/2010 SP 1 SJ Web Edition ;
; Revision Name                      ; LAB6                                         ;
; Top-level Entity Name              ; LAB6                                         ;
; Family                             ; Cyclone II                                   ;
; Total logic elements               ; 14,844                                       ;
;     Total combinational functions  ; 6,624                                        ;
;     Dedicated logic registers      ; 8,276                                        ;
; Total registers                    ; 8276                                         ;
; Total pins                         ; 31                                           ;
; Total virtual pins                 ; 0                                            ;
; Total memory bits                  ; 0                                            ;
; Embedded Multiplier 9-bit elements ; 0                                            ;
; Total PLLs                         ; 0                                            ;
+------------------------------------+----------------------------------------------+


+----------------------------------------------------------------------------------------------------------------------+
; Analysis & Synthesis Settings                                                                                        ;
+----------------------------------------------------------------------------+--------------------+--------------------+
; Option                                                                     ; Setting            ; Default Value      ;
+----------------------------------------------------------------------------+--------------------+--------------------+
; Device                                                                     ; EP2C35F672C6       ;                    ;
; Top-level entity name                                                      ; LAB6               ; LAB6               ;
; Family name                                                                ; Cyclone II         ; Stratix II         ;
; Type of Retiming Performed During Resynthesis                              ; Full               ;                    ;
; Resynthesis Optimization Effort                                            ; Normal             ;                    ;
; Physical Synthesis Level for Resynthesis                                   ; Normal             ;                    ;
; Use Generated Physical Constraints File                                    ; On                 ;                    ;
; Use smart compilation                                                      ; Off                ; Off                ;
; Enable parallel Assembler and TimeQuest Timing Analyzer during compilation ; On                 ; On                 ;
; Enable compact report table                                                ; Off                ; Off                ;
; Restructure Multiplexers                                                   ; Auto               ; Auto               ;
; Create Debugging Nodes for IP Cores                                        ; Off                ; Off                ;
; Preserve fewer node names                                                  ; On                 ; On                 ;
; Disable OpenCore Plus hardware evaluation                                  ; Off                ; Off                ;
; Verilog Version                                                            ; Verilog_2001       ; Verilog_2001       ;
; VHDL Version                                                               ; VHDL_1993          ; VHDL_1993          ;
; State Machine Processing                                                   ; Auto               ; Auto               ;
; Safe State Machine                                                         ; Off                ; Off                ;
; Extract Verilog State Machines                                             ; On                 ; On                 ;
; Extract VHDL State Machines                                                ; On                 ; On                 ;
; Ignore Verilog initial constructs                                          ; Off                ; Off                ;
; Iteration limit for constant Verilog loops                                 ; 5000               ; 5000               ;
; Iteration limit for non-constant Verilog loops                             ; 250                ; 250                ;
; Add Pass-Through Logic to Inferred RAMs                                    ; On                 ; On                 ;
; Parallel Synthesis                                                         ; On                 ; On                 ;
; DSP Block Balancing                                                        ; Auto               ; Auto               ;
; NOT Gate Push-Back                                                         ; On                 ; On                 ;
; Power-Up Don't Care                                                        ; On                 ; On                 ;
; Remove Redundant Logic Cells                                               ; Off                ; Off                ;
; Remove Duplicate Registers                                                 ; On                 ; On                 ;
; Ignore CARRY Buffers                                                       ; Off                ; Off                ;
; Ignore CASCADE Buffers                                                     ; Off                ; Off                ;
; Ignore GLOBAL Buffers                                                      ; Off                ; Off                ;
; Ignore ROW GLOBAL Buffers                                                  ; Off                ; Off                ;
; Ignore LCELL Buffers                                                       ; Off                ; Off                ;
; Ignore SOFT Buffers                                                        ; On                 ; On                 ;
; Limit AHDL Integers to 32 Bits                                             ; Off                ; Off                ;
; Optimization Technique                                                     ; Balanced           ; Balanced           ;
; Carry Chain Length                                                         ; 70                 ; 70                 ;
; Auto Carry Chains                                                          ; On                 ; On                 ;
; Auto Open-Drain Pins                                                       ; On                 ; On                 ;
; Perform WYSIWYG Primitive Resynthesis                                      ; Off                ; Off                ;
; Auto ROM Replacement                                                       ; On                 ; On                 ;
; Auto RAM Replacement                                                       ; On                 ; On                 ;
; Auto Shift Register Replacement                                            ; Auto               ; Auto               ;
; Auto Clock Enable Replacement                                              ; On                 ; On                 ;
; Strict RAM Replacement                                                     ; Off                ; Off                ;
; Allow Synchronous Control Signals                                          ; On                 ; On                 ;
; Force Use of Synchronous Clear Signals                                     ; Off                ; Off                ;
; Auto RAM to Logic Cell Conversion                                          ; Off                ; Off                ;
; Auto Resource Sharing                                                      ; Off                ; Off                ;
; Allow Any RAM Size For Recognition                                         ; Off                ; Off                ;
; Allow Any ROM Size For Recognition                                         ; Off                ; Off                ;
; Allow Any Shift Register Size For Recognition                              ; Off                ; Off                ;
; Use LogicLock Constraints during Resource Balancing                        ; On                 ; On                 ;
; Ignore translate_off and synthesis_off directives                          ; Off                ; Off                ;
; Timing-Driven Synthesis                                                    ; Off                ; Off                ;
; Show Parameter Settings Tables in Synthesis Report                         ; On                 ; On                 ;
; Ignore Maximum Fan-Out Assignments                                         ; Off                ; Off                ;
; Synchronization Register Chain Length                                      ; 2                  ; 2                  ;
; PowerPlay Power Optimization                                               ; Normal compilation ; Normal compilation ;
; HDL message level                                                          ; Level2             ; Level2             ;
; Suppress Register Optimization Related Messages                            ; Off                ; Off                ;
; Number of Removed Registers Reported in Synthesis Report                   ; 5000               ; 5000               ;
; Number of Inverted Registers Reported in Synthesis Report                  ; 100                ; 100                ;
; Clock MUX Protection                                                       ; On                 ; On                 ;
; Auto Gated Clock Conversion                                                ; Off                ; Off                ;
; Block Design Naming                                                        ; Auto               ; Auto               ;
; SDC constraint protection                                                  ; Off                ; Off                ;
; Synthesis Effort                                                           ; Auto               ; Auto               ;
; Shift Register Replacement - Allow Asynchronous Clear Signal               ; On                 ; On                 ;
; Analysis & Synthesis Message Level                                         ; Medium             ; Medium             ;
; Disable Register Merging Across Hierarchies                                ; Auto               ; Auto               ;
; Resource Aware Inference For Block RAM                                     ; On                 ; On                 ;
+----------------------------------------------------------------------------+--------------------+--------------------+


Parallel compilation was disabled, but you have multiple processors available. Enable parallel compilation to reduce compilation time.
+-------------------------------------+
; Parallel Compilation                ;
+----------------------------+--------+
; Processors                 ; Number ;
+----------------------------+--------+
; Number detected on machine ; 4      ;
; Maximum allowed            ; 1      ;
+----------------------------+--------+


+------------------------------------------------------------------------------------------------------------------------------------+
; Analysis & Synthesis Source Files Read                                                                                             ;
+----------------------------------+-----------------+-----------------+-------------------------------------------------------------+
; File Name with User-Entered Path ; Used in Netlist ; File Type       ; File Name with Absolute Path                                ;
+----------------------------------+-----------------+-----------------+-------------------------------------------------------------+
; Adder.vhd                        ; yes             ; User VHDL File  ; C:/Users/Gabriele/Desktop/simulaazione/Adder.vhd            ;
; counter_Nbit.vhd                 ; yes             ; User VHDL File  ; C:/Users/Gabriele/Desktop/simulaazione/counter_Nbit.vhd     ;
; Counter_positivi.vhd             ; yes             ; User VHDL File  ; C:/Users/Gabriele/Desktop/simulaazione/Counter_positivi.vhd ;
; Datapath.vhd                     ; yes             ; User VHDL File  ; C:/Users/Gabriele/Desktop/simulaazione/Datapath.vhd         ;
; dflipflop.vhd                    ; yes             ; User VHDL File  ; C:/Users/Gabriele/Desktop/simulaazione/dflipflop.vhd        ;
; FSM.vhd                          ; yes             ; User VHDL File  ; C:/Users/Gabriele/Desktop/simulaazione/FSM.vhd              ;
; HA.vhd                           ; yes             ; User VHDL File  ; C:/Users/Gabriele/Desktop/simulaazione/HA.vhd               ;
; LAB6.vhd                         ; yes             ; User VHDL File  ; C:/Users/Gabriele/Desktop/simulaazione/LAB6.vhd             ;
; Memory.vhd                       ; yes             ; User VHDL File  ; C:/Users/Gabriele/Desktop/simulaazione/Memory.vhd           ;
; Mux3to1.vhd                      ; yes             ; User VHDL File  ; C:/Users/Gabriele/Desktop/simulaazione/Mux3to1.vhd          ;
; Reg_signed.vhd                   ; yes             ; User VHDL File  ; C:/Users/Gabriele/Desktop/simulaazione/Reg_signed.vhd       ;
; Reg_unsigned.vhd                 ; yes             ; User VHDL File  ; C:/Users/Gabriele/Desktop/simulaazione/Reg_unsigned.vhd     ;
; rounder.vhd                      ; yes             ; User VHDL File  ; C:/Users/Gabriele/Desktop/simulaazione/rounder.vhd          ;
; SHIFT_L_4.vhd                    ; yes             ; User VHDL File  ; C:/Users/Gabriele/Desktop/simulaazione/SHIFT_L_4.vhd        ;
; shift_R_1.vhd                    ; yes             ; User VHDL File  ; C:/Users/Gabriele/Desktop/simulaazione/shift_R_1.vhd        ;
; shift_r_2.vhd                    ; yes             ; User VHDL File  ; C:/Users/Gabriele/Desktop/simulaazione/shift_r_2.vhd        ;
; tflipflop.vhd                    ; yes             ; User VHDL File  ; C:/Users/Gabriele/Desktop/simulaazione/tflipflop.vhd        ;
+----------------------------------+-----------------+-----------------+-------------------------------------------------------------+


+------------------------------------------------------+
; Analysis & Synthesis Resource Usage Summary          ;
+---------------------------------------------+--------+
; Resource                                    ; Usage  ;
+---------------------------------------------+--------+
; Estimated Total logic elements              ; 14,844 ;
;                                             ;        ;
; Total combinational functions               ; 6624   ;
; Logic element usage by number of LUT inputs ;        ;
;     -- 4 input functions                    ; 5547   ;
;     -- 3 input functions                    ; 1057   ;
;     -- <=2 input functions                  ; 20     ;
;                                             ;        ;
; Logic elements by mode                      ;        ;
;     -- normal mode                          ; 6603   ;
;     -- arithmetic mode                      ; 21     ;
;                                             ;        ;
; Total registers                             ; 8276   ;
;     -- Dedicated logic registers            ; 8276   ;
;     -- I/O registers                        ; 0      ;
;                                             ;        ;
; I/O pins                                    ; 31     ;
; Maximum fan-out node                        ; CLK    ;
; Maximum fan-out                             ; 8276   ;
; Total fan-out                               ; 50284  ;
; Average fan-out                             ; 3.37   ;
+---------------------------------------------+--------+


+-------------------------------------------------------------------------------------------------------------------------------------------------------------------------------------------------------------------------------------------------+
; Analysis & Synthesis Resource Utilization by Entity                                                                                                                                                                                             ;
+---------------------------------------+-------------------+--------------+-------------+--------------+---------+-----------+------+--------------+------------------------------------------------------------------------------+--------------+
; Compilation Hierarchy Node            ; LC Combinationals ; LC Registers ; Memory Bits ; DSP Elements ; DSP 9x9 ; DSP 18x18 ; Pins ; Virtual Pins ; Full Hierarchy Name                                                          ; Library Name ;
+---------------------------------------+-------------------+--------------+-------------+--------------+---------+-----------+------+--------------+------------------------------------------------------------------------------+--------------+
; |LAB6                                 ; 6624 (0)          ; 8276 (0)     ; 0           ; 0            ; 0       ; 0         ; 31   ; 0            ; |LAB6                                                                        ; work         ;
;    |Datapath:DP|                      ; 99 (3)            ; 67 (0)       ; 0           ; 0            ; 0       ; 0         ; 0    ; 0            ; |LAB6|Datapath:DP                                                            ;              ;
;       |Adder:sommatore|               ; 41 (41)           ; 0 (0)        ; 0           ; 0            ; 0       ; 0         ; 0    ; 0            ; |LAB6|Datapath:DP|Adder:sommatore                                            ; work         ;
;       |Counter_positivi:cnt_2|        ; 11 (0)            ; 11 (0)       ; 0           ; 0            ; 0       ; 0         ; 0    ; 0            ; |LAB6|Datapath:DP|Counter_positivi:cnt_2                                     ; work         ;
;          |reg_unsigned:reg|           ; 11 (11)           ; 11 (11)      ; 0           ; 0            ; 0       ; 0         ; 0    ; 0            ; |LAB6|Datapath:DP|Counter_positivi:cnt_2|reg_unsigned:reg                    ; work         ;
;       |Mux3to1:mux_1|                 ; 20 (20)           ; 0 (0)        ; 0           ; 0            ; 0       ; 0         ; 0    ; 0            ; |LAB6|Datapath:DP|Mux3to1:mux_1                                              ; work         ;
;       |counter_Nbit:cnt_1|            ; 13 (3)            ; 10 (0)       ; 0           ; 0            ; 0       ; 0         ; 0    ; 0            ; |LAB6|Datapath:DP|counter_Nbit:cnt_1                                         ; work         ;
;          |tflipflop:\GEN_CNT:0:TFF_X| ; 1 (0)             ; 1 (0)        ; 0           ; 0            ; 0       ; 0         ; 0    ; 0            ; |LAB6|Datapath:DP|counter_Nbit:cnt_1|tflipflop:\GEN_CNT:0:TFF_X              ; work         ;
;             |dflipflop:ff|            ; 1 (1)             ; 1 (1)        ; 0           ; 0            ; 0       ; 0         ; 0    ; 0            ; |LAB6|Datapath:DP|counter_Nbit:cnt_1|tflipflop:\GEN_CNT:0:TFF_X|dflipflop:ff ; work         ;
;          |tflipflop:\GEN_CNT:1:TFF_X| ; 1 (0)             ; 1 (0)        ; 0           ; 0            ; 0       ; 0         ; 0    ; 0            ; |LAB6|Datapath:DP|counter_Nbit:cnt_1|tflipflop:\GEN_CNT:1:TFF_X              ; work         ;
;             |dflipflop:ff|            ; 1 (1)             ; 1 (1)        ; 0           ; 0            ; 0       ; 0         ; 0    ; 0            ; |LAB6|Datapath:DP|counter_Nbit:cnt_1|tflipflop:\GEN_CNT:1:TFF_X|dflipflop:ff ; work         ;
;          |tflipflop:\GEN_CNT:2:TFF_X| ; 1 (0)             ; 1 (0)        ; 0           ; 0            ; 0       ; 0         ; 0    ; 0            ; |LAB6|Datapath:DP|counter_Nbit:cnt_1|tflipflop:\GEN_CNT:2:TFF_X              ; work         ;
;             |dflipflop:ff|            ; 1 (1)             ; 1 (1)        ; 0           ; 0            ; 0       ; 0         ; 0    ; 0            ; |LAB6|Datapath:DP|counter_Nbit:cnt_1|tflipflop:\GEN_CNT:2:TFF_X|dflipflop:ff ; work         ;
;          |tflipflop:\GEN_CNT:3:TFF_X| ; 1 (0)             ; 1 (0)        ; 0           ; 0            ; 0       ; 0         ; 0    ; 0            ; |LAB6|Datapath:DP|counter_Nbit:cnt_1|tflipflop:\GEN_CNT:3:TFF_X              ; work         ;
;             |dflipflop:ff|            ; 1 (1)             ; 1 (1)        ; 0           ; 0            ; 0       ; 0         ; 0    ; 0            ; |LAB6|Datapath:DP|counter_Nbit:cnt_1|tflipflop:\GEN_CNT:3:TFF_X|dflipflop:ff ; work         ;
;          |tflipflop:\GEN_CNT:4:TFF_X| ; 1 (0)             ; 1 (0)        ; 0           ; 0            ; 0       ; 0         ; 0    ; 0            ; |LAB6|Datapath:DP|counter_Nbit:cnt_1|tflipflop:\GEN_CNT:4:TFF_X              ; work         ;
;             |dflipflop:ff|            ; 1 (1)             ; 1 (1)        ; 0           ; 0            ; 0       ; 0         ; 0    ; 0            ; |LAB6|Datapath:DP|counter_Nbit:cnt_1|tflipflop:\GEN_CNT:4:TFF_X|dflipflop:ff ; work         ;
;          |tflipflop:\GEN_CNT:5:TFF_X| ; 1 (0)             ; 1 (0)        ; 0           ; 0            ; 0       ; 0         ; 0    ; 0            ; |LAB6|Datapath:DP|counter_Nbit:cnt_1|tflipflop:\GEN_CNT:5:TFF_X              ; work         ;
;             |dflipflop:ff|            ; 1 (1)             ; 1 (1)        ; 0           ; 0            ; 0       ; 0         ; 0    ; 0            ; |LAB6|Datapath:DP|counter_Nbit:cnt_1|tflipflop:\GEN_CNT:5:TFF_X|dflipflop:ff ; work         ;
;          |tflipflop:\GEN_CNT:6:TFF_X| ; 1 (0)             ; 1 (0)        ; 0           ; 0            ; 0       ; 0         ; 0    ; 0            ; |LAB6|Datapath:DP|counter_Nbit:cnt_1|tflipflop:\GEN_CNT:6:TFF_X              ; work         ;
;             |dflipflop:ff|            ; 1 (1)             ; 1 (1)        ; 0           ; 0            ; 0       ; 0         ; 0    ; 0            ; |LAB6|Datapath:DP|counter_Nbit:cnt_1|tflipflop:\GEN_CNT:6:TFF_X|dflipflop:ff ; work         ;
;          |tflipflop:\GEN_CNT:7:TFF_X| ; 1 (0)             ; 1 (0)        ; 0           ; 0            ; 0       ; 0         ; 0    ; 0            ; |LAB6|Datapath:DP|counter_Nbit:cnt_1|tflipflop:\GEN_CNT:7:TFF_X              ; work         ;
;             |dflipflop:ff|            ; 1 (1)             ; 1 (1)        ; 0           ; 0            ; 0       ; 0         ; 0    ; 0            ; |LAB6|Datapath:DP|counter_Nbit:cnt_1|tflipflop:\GEN_CNT:7:TFF_X|dflipflop:ff ; work         ;
;          |tflipflop:\GEN_CNT:8:TFF_X| ; 1 (0)             ; 1 (0)        ; 0           ; 0            ; 0       ; 0         ; 0    ; 0            ; |LAB6|Datapath:DP|counter_Nbit:cnt_1|tflipflop:\GEN_CNT:8:TFF_X              ; work         ;
;             |dflipflop:ff|            ; 1 (1)             ; 1 (1)        ; 0           ; 0            ; 0       ; 0         ; 0    ; 0            ; |LAB6|Datapath:DP|counter_Nbit:cnt_1|tflipflop:\GEN_CNT:8:TFF_X|dflipflop:ff ; work         ;
;          |tflipflop:\GEN_CNT:9:TFF_X| ; 1 (0)             ; 1 (0)        ; 0           ; 0            ; 0       ; 0         ; 0    ; 0            ; |LAB6|Datapath:DP|counter_Nbit:cnt_1|tflipflop:\GEN_CNT:9:TFF_X              ; work         ;
;             |dflipflop:ff|            ; 1 (1)             ; 1 (1)        ; 0           ; 0            ; 0       ; 0         ; 0    ; 0            ; |LAB6|Datapath:DP|counter_Nbit:cnt_1|tflipflop:\GEN_CNT:9:TFF_X|dflipflop:ff ; work         ;
;       |reg_sig:ff_1|                  ; 0 (0)             ; 8 (8)        ; 0           ; 0            ; 0       ; 0         ; 0    ; 0            ; |LAB6|Datapath:DP|reg_sig:ff_1                                               ; work         ;
;       |reg_sig:ff_2|                  ; 0 (0)             ; 8 (8)        ; 0           ; 0            ; 0       ; 0         ; 0    ; 0            ; |LAB6|Datapath:DP|reg_sig:ff_2                                               ; work         ;
;       |reg_sig:ff_3|                  ; 1 (1)             ; 12 (12)      ; 0           ; 0            ; 0       ; 0         ; 0    ; 0            ; |LAB6|Datapath:DP|reg_sig:ff_3                                               ; work         ;
;       |reg_sig:ff_4|                  ; 1 (1)             ; 10 (10)      ; 0           ; 0            ; 0       ; 0         ; 0    ; 0            ; |LAB6|Datapath:DP|reg_sig:ff_4                                               ; work         ;
;       |rounder:rounding|              ; 9 (9)             ; 8 (8)        ; 0           ; 0            ; 0       ; 0         ; 0    ; 0            ; |LAB6|Datapath:DP|rounder:rounding                                           ; work         ;
;    |FSM:CU|                           ; 10 (10)           ; 9 (9)        ; 0           ; 0            ; 0       ; 0         ; 0    ; 0            ; |LAB6|FSM:CU                                                                 ; work         ;
;    |Memory:MEM_A|                     ; 6515 (6515)       ; 8200 (8200)  ; 0           ; 0            ; 0       ; 0         ; 0    ; 0            ; |LAB6|Memory:MEM_A                                                           ; work         ;
+---------------------------------------+-------------------+--------------+-------------+--------------+---------+-----------+------+--------------+------------------------------------------------------------------------------+--------------+
Note: For table entries with two numbers listed, the numbers in parentheses indicate the number of resources of the given type used by the specific entity alone. The numbers listed outside of parentheses indicate the total resources of the given type used by the specific entity and all of its sub-entities in the hierarchy.


Encoding Type:  One-Hot
+-----------------------------------------------------------------------------------+
; State Machine - |LAB6|FSM:CU|PS                                                   ;
+---------+-------+-------+-------+-------+-------+-------+-------+---------+-------+
; Name    ; PS.S8 ; PS.S7 ; PS.S6 ; PS.S5 ; PS.S4 ; PS.S3 ; PS.S2 ; PS.IDLE ; PS.S1 ;
+---------+-------+-------+-------+-------+-------+-------+-------+---------+-------+
; PS.S1   ; 0     ; 0     ; 0     ; 0     ; 0     ; 0     ; 0     ; 0       ; 0     ;
; PS.IDLE ; 0     ; 0     ; 0     ; 0     ; 0     ; 0     ; 0     ; 1       ; 1     ;
; PS.S2   ; 0     ; 0     ; 0     ; 0     ; 0     ; 0     ; 1     ; 0       ; 1     ;
; PS.S3   ; 0     ; 0     ; 0     ; 0     ; 0     ; 1     ; 0     ; 0       ; 1     ;
; PS.S4   ; 0     ; 0     ; 0     ; 0     ; 1     ; 0     ; 0     ; 0       ; 1     ;
; PS.S5   ; 0     ; 0     ; 0     ; 1     ; 0     ; 0     ; 0     ; 0       ; 1     ;
; PS.S6   ; 0     ; 0     ; 1     ; 0     ; 0     ; 0     ; 0     ; 0       ; 1     ;
; PS.S7   ; 0     ; 1     ; 0     ; 0     ; 0     ; 0     ; 0     ; 0       ; 1     ;
; PS.S8   ; 1     ; 0     ; 0     ; 0     ; 0     ; 0     ; 0     ; 0       ; 1     ;
+---------+-------+-------+-------+-------+-------+-------+-------+---------+-------+


+--------------------------------------------------------------------------------+
; Registers Removed During Synthesis                                             ;
+---------------------------------------+----------------------------------------+
; Register name                         ; Reason for Removal                     ;
+---------------------------------------+----------------------------------------+
; Memory:MEM_B|DATA_OUT[1..7]           ; Merged with Memory:MEM_B|DATA_OUT[0]   ;
; Memory:MEM_B|DATA_OUT[0]              ; Stuck at GND due to stuck port data_in ;
; Total Number of Removed Registers = 8 ;                                        ;
+---------------------------------------+----------------------------------------+


+------------------------------------------------------+
; General Register Statistics                          ;
+----------------------------------------------+-------+
; Statistic                                    ; Value ;
+----------------------------------------------+-------+
; Total registers                              ; 8276  ;
; Number of registers using Synchronous Clear  ; 0     ;
; Number of registers using Synchronous Load   ; 0     ;
; Number of registers using Asynchronous Clear ; 76    ;
; Number of registers using Asynchronous Load  ; 0     ;
; Number of registers using Clock Enable       ; 8248  ;
; Number of registers using Preset             ; 0     ;
+----------------------------------------------+-------+


+---------------------------------------------------------------------------------------------------------------------------------------------------------------+
; Multiplexer Restructuring Statistics (Restructuring Performed)                                                                                                ;
+--------------------+-----------+---------------+----------------------+------------------------+------------+-------------------------------------------------+
; Multiplexer Inputs ; Bus Width ; Baseline Area ; Area if Restructured ; Saving if Restructured ; Registered ; Example Multiplexer Output                      ;
+--------------------+-----------+---------------+----------------------+------------------------+------------+-------------------------------------------------+
; 3:1                ; 7 bits    ; 14 LEs        ; 14 LEs               ; 0 LEs                  ; Yes        ; |LAB6|Datapath:DP|rounder:rounding|OUT_ROUND[3] ;
; 4:1                ; 4 bits    ; 8 LEs         ; 8 LEs                ; 0 LEs                  ; No         ; |LAB6|Datapath:DP|Mux3to1:mux_1|OUT_DATA[3]     ;
; 4:1                ; 8 bits    ; 16 LEs        ; 16 LEs               ; 0 LEs                  ; No         ; |LAB6|Datapath:DP|Mux3to1:mux_1|OUT_DATA[5]     ;
; 8:1                ; 10 bits   ; 50 LEs        ; 40 LEs               ; 10 LEs                 ; No         ; |LAB6|Datapath:DP|Adder:sommatore|Add0          ;
+--------------------+-----------+---------------+----------------------+------------------------+------------+-------------------------------------------------+


+-----------------------------------------------------------------------+
; Parameter Settings for User Entity Instance: Datapath:DP|reg_sig:ff_1 ;
+----------------+-------+----------------------------------------------+
; Parameter Name ; Value ; Type                                         ;
+----------------+-------+----------------------------------------------+
; n              ; 8     ; Signed Integer                               ;
+----------------+-------+----------------------------------------------+
Note: In order to hide this table in the UI and the text report file, please set the "Show Parameter Settings Tables in Synthesis Report" option in "Analysis and Synthesis Settings -> More Settings" to "Off".


+-----------------------------------------------------------------------+
; Parameter Settings for User Entity Instance: Datapath:DP|reg_sig:ff_2 ;
+----------------+-------+----------------------------------------------+
; Parameter Name ; Value ; Type                                         ;
+----------------+-------+----------------------------------------------+
; n              ; 8     ; Signed Integer                               ;
+----------------+-------+----------------------------------------------+
Note: In order to hide this table in the UI and the text report file, please set the "Show Parameter Settings Tables in Synthesis Report" option in "Analysis and Synthesis Settings -> More Settings" to "Off".


+--------------------------------------------------------------------------+
; Parameter Settings for User Entity Instance: Datapath:DP|Adder:sommatore ;
+----------------+-------+-------------------------------------------------+
; Parameter Name ; Value ; Type                                            ;
+----------------+-------+-------------------------------------------------+
; n              ; 12    ; Signed Integer                                  ;
+----------------+-------+-------------------------------------------------+
Note: In order to hide this table in the UI and the text report file, please set the "Show Parameter Settings Tables in Synthesis Report" option in "Analysis and Synthesis Settings -> More Settings" to "Off".


+-----------------------------------------------------------------------+
; Parameter Settings for User Entity Instance: Datapath:DP|reg_sig:ff_3 ;
+----------------+-------+----------------------------------------------+
; Parameter Name ; Value ; Type                                         ;
+----------------+-------+----------------------------------------------+
; n              ; 12    ; Signed Integer                               ;
+----------------+-------+----------------------------------------------+
Note: In order to hide this table in the UI and the text report file, please set the "Show Parameter Settings Tables in Synthesis Report" option in "Analysis and Synthesis Settings -> More Settings" to "Off".


+-----------------------------------------------------------------------+
; Parameter Settings for User Entity Instance: Datapath:DP|reg_sig:ff_4 ;
+----------------+-------+----------------------------------------------+
; Parameter Name ; Value ; Type                                         ;
+----------------+-------+----------------------------------------------+
; n              ; 12    ; Signed Integer                               ;
+----------------+-------+----------------------------------------------+
Note: In order to hide this table in the UI and the text report file, please set the "Show Parameter Settings Tables in Synthesis Report" option in "Analysis and Synthesis Settings -> More Settings" to "Off".


+-----------------------------------------------------------------------------+
; Parameter Settings for User Entity Instance: Datapath:DP|counter_Nbit:cnt_1 ;
+----------------+-------+----------------------------------------------------+
; Parameter Name ; Value ; Type                                               ;
+----------------+-------+----------------------------------------------------+
; n              ; 10    ; Signed Integer                                     ;
+----------------+-------+----------------------------------------------------+
Note: In order to hide this table in the UI and the text report file, please set the "Show Parameter Settings Tables in Synthesis Report" option in "Analysis and Synthesis Settings -> More Settings" to "Off".


+----------------------------------------------------------------------------------------------+
; Parameter Settings for User Entity Instance: Datapath:DP|Counter_positivi:cnt_2|HA:HalfAdder ;
+----------------+-------+---------------------------------------------------------------------+
; Parameter Name ; Value ; Type                                                                ;
+----------------+-------+---------------------------------------------------------------------+
; n              ; 11    ; Signed Integer                                                      ;
+----------------+-------+---------------------------------------------------------------------+
Note: In order to hide this table in the UI and the text report file, please set the "Show Parameter Settings Tables in Synthesis Report" option in "Analysis and Synthesis Settings -> More Settings" to "Off".


+--------------------------------------------------------------------------------------------------+
; Parameter Settings for User Entity Instance: Datapath:DP|Counter_positivi:cnt_2|reg_unsigned:reg ;
+----------------+-------+-------------------------------------------------------------------------+
; Parameter Name ; Value ; Type                                                                    ;
+----------------+-------+-------------------------------------------------------------------------+
; n              ; 11    ; Signed Integer                                                          ;
+----------------+-------+-------------------------------------------------------------------------+
Note: In order to hide this table in the UI and the text report file, please set the "Show Parameter Settings Tables in Synthesis Report" option in "Analysis and Synthesis Settings -> More Settings" to "Off".


+-----------------------------------------------------------------------------------------------------------------+
; Port Connectivity Checks: "FSM:CU"                                                                              ;
+-------+--------+----------+-------------------------------------------------------------------------------------+
; Port  ; Type   ; Severity ; Details                                                                             ;
+-------+--------+----------+-------------------------------------------------------------------------------------+
; reset ; Output ; Info     ; Connected to dangling logic. Logic that only feeds a dangling port will be removed. ;
+-------+--------+----------+-------------------------------------------------------------------------------------+


+-----------------------------------------------------------------------------+
; Port Connectivity Checks: "Datapath:DP|Counter_positivi:cnt_2|HA:HalfAdder" ;
+----------------+-------+----------+-----------------------------------------+
; Port           ; Type  ; Severity ; Details                                 ;
+----------------+-------+----------+-----------------------------------------+
; in_1_ha[10..1] ; Input ; Info     ; Stuck at GND                            ;
; in_1_ha[0]     ; Input ; Info     ; Stuck at VCC                            ;
+----------------+-------+----------+-----------------------------------------+


+-----------------------------------------------------------------------------------------------------------------+
; Port Connectivity Checks: "Datapath:DP|counter_Nbit:cnt_1|tflipflop:\GEN_CNT:9:TFF_X"                           ;
+-------+--------+----------+-------------------------------------------------------------------------------------+
; Port  ; Type   ; Severity ; Details                                                                             ;
+-------+--------+----------+-------------------------------------------------------------------------------------+
; q_neg ; Output ; Info     ; Connected to dangling logic. Logic that only feeds a dangling port will be removed. ;
+-------+--------+----------+-------------------------------------------------------------------------------------+


+-----------------------------------------------------------------------------------------------------------------+
; Port Connectivity Checks: "Datapath:DP|counter_Nbit:cnt_1|tflipflop:\GEN_CNT:8:TFF_X"                           ;
+-------+--------+----------+-------------------------------------------------------------------------------------+
; Port  ; Type   ; Severity ; Details                                                                             ;
+-------+--------+----------+-------------------------------------------------------------------------------------+
; q_neg ; Output ; Info     ; Connected to dangling logic. Logic that only feeds a dangling port will be removed. ;
+-------+--------+----------+-------------------------------------------------------------------------------------+


+-----------------------------------------------------------------------------------------------------------------+
; Port Connectivity Checks: "Datapath:DP|counter_Nbit:cnt_1|tflipflop:\GEN_CNT:7:TFF_X"                           ;
+-------+--------+----------+-------------------------------------------------------------------------------------+
; Port  ; Type   ; Severity ; Details                                                                             ;
+-------+--------+----------+-------------------------------------------------------------------------------------+
; q_neg ; Output ; Info     ; Connected to dangling logic. Logic that only feeds a dangling port will be removed. ;
+-------+--------+----------+-------------------------------------------------------------------------------------+


+-----------------------------------------------------------------------------------------------------------------+
; Port Connectivity Checks: "Datapath:DP|counter_Nbit:cnt_1|tflipflop:\GEN_CNT:6:TFF_X"                           ;
+-------+--------+----------+-------------------------------------------------------------------------------------+
; Port  ; Type   ; Severity ; Details                                                                             ;
+-------+--------+----------+-------------------------------------------------------------------------------------+
; q_neg ; Output ; Info     ; Connected to dangling logic. Logic that only feeds a dangling port will be removed. ;
+-------+--------+----------+-------------------------------------------------------------------------------------+


+-----------------------------------------------------------------------------------------------------------------+
; Port Connectivity Checks: "Datapath:DP|counter_Nbit:cnt_1|tflipflop:\GEN_CNT:5:TFF_X"                           ;
+-------+--------+----------+-------------------------------------------------------------------------------------+
; Port  ; Type   ; Severity ; Details                                                                             ;
+-------+--------+----------+-------------------------------------------------------------------------------------+
; q_neg ; Output ; Info     ; Connected to dangling logic. Logic that only feeds a dangling port will be removed. ;
+-------+--------+----------+-------------------------------------------------------------------------------------+


+-----------------------------------------------------------------------------------------------------------------+
; Port Connectivity Checks: "Datapath:DP|counter_Nbit:cnt_1|tflipflop:\GEN_CNT:4:TFF_X"                           ;
+-------+--------+----------+-------------------------------------------------------------------------------------+
; Port  ; Type   ; Severity ; Details                                                                             ;
+-------+--------+----------+-------------------------------------------------------------------------------------+
; q_neg ; Output ; Info     ; Connected to dangling logic. Logic that only feeds a dangling port will be removed. ;
+-------+--------+----------+-------------------------------------------------------------------------------------+


+-----------------------------------------------------------------------------------------------------------------+
; Port Connectivity Checks: "Datapath:DP|counter_Nbit:cnt_1|tflipflop:\GEN_CNT:3:TFF_X"                           ;
+-------+--------+----------+-------------------------------------------------------------------------------------+
; Port  ; Type   ; Severity ; Details                                                                             ;
+-------+--------+----------+-------------------------------------------------------------------------------------+
; q_neg ; Output ; Info     ; Connected to dangling logic. Logic that only feeds a dangling port will be removed. ;
+-------+--------+----------+-------------------------------------------------------------------------------------+


+-----------------------------------------------------------------------------------------------------------------+
; Port Connectivity Checks: "Datapath:DP|counter_Nbit:cnt_1|tflipflop:\GEN_CNT:2:TFF_X"                           ;
+-------+--------+----------+-------------------------------------------------------------------------------------+
; Port  ; Type   ; Severity ; Details                                                                             ;
+-------+--------+----------+-------------------------------------------------------------------------------------+
; q_neg ; Output ; Info     ; Connected to dangling logic. Logic that only feeds a dangling port will be removed. ;
+-------+--------+----------+-------------------------------------------------------------------------------------+


+-----------------------------------------------------------------------------------------------------------------+
; Port Connectivity Checks: "Datapath:DP|counter_Nbit:cnt_1|tflipflop:\GEN_CNT:1:TFF_X"                           ;
+-------+--------+----------+-------------------------------------------------------------------------------------+
; Port  ; Type   ; Severity ; Details                                                                             ;
+-------+--------+----------+-------------------------------------------------------------------------------------+
; q_neg ; Output ; Info     ; Connected to dangling logic. Logic that only feeds a dangling port will be removed. ;
+-------+--------+----------+-------------------------------------------------------------------------------------+


+-----------------------------------------------------------------------------------------------------------------+
; Port Connectivity Checks: "Datapath:DP|counter_Nbit:cnt_1|tflipflop:\GEN_CNT:0:TFF_X"                           ;
+-------+--------+----------+-------------------------------------------------------------------------------------+
; Port  ; Type   ; Severity ; Details                                                                             ;
+-------+--------+----------+-------------------------------------------------------------------------------------+
; q_neg ; Output ; Info     ; Connected to dangling logic. Logic that only feeds a dangling port will be removed. ;
+-------+--------+----------+-------------------------------------------------------------------------------------+


+-----------------------------------------------------------------------------------------------------------------------------------------------------------------------------+
; Port Connectivity Checks: "Datapath:DP"                                                                                                                                     ;
+-----------+-------+----------+----------------------------------------------------------------------------------------------------------------------------------------------+
; Port      ; Type  ; Severity ; Details                                                                                                                                      ;
+-----------+-------+----------+----------------------------------------------------------------------------------------------------------------------------------------------+
; rst_adder ; Input ; Warning  ; Declared by entity but not connected by instance. If a default value exists, it will be used.  Otherwise, the port will be connected to GND. ;
+-----------+-------+----------+----------------------------------------------------------------------------------------------------------------------------------------------+


+-------------------------------+
; Analysis & Synthesis Messages ;
+-------------------------------+
Info: *******************************************************************
Info: Running Quartus II Analysis & Synthesis
    Info: Version 9.1 Build 304 01/25/2010 Service Pack 1 SJ Web Edition
    Info: Processing started: Sun Apr 28 15:35:49 2019
Info: Command: quartus_map --read_settings_files=on --write_settings_files=off LAB6 -c LAB6
Info: Found 2 design units, including 1 entities, in source file adder.vhd
    Info: Found design unit 1: Adder-behaviour
    Info: Found entity 1: Adder
Info: Found 2 design units, including 1 entities, in source file counter_nbit.vhd
    Info: Found design unit 1: counter_Nbit-structural
    Info: Found entity 1: counter_Nbit
Info: Found 2 design units, including 1 entities, in source file counter_positivi.vhd
    Info: Found design unit 1: Counter_positivi-behaviour
    Info: Found entity 1: Counter_positivi
Info: Found 2 design units, including 1 entities, in source file datapath.vhd
    Info: Found design unit 1: Datapath-behaviour
    Info: Found entity 1: Datapath
Info: Found 2 design units, including 1 entities, in source file dflipflop.vhd
    Info: Found design unit 1: dflipflop-Behavior
    Info: Found entity 1: dflipflop
Info: Found 2 design units, including 1 entities, in source file fsm.vhd
    Info: Found design unit 1: FSM-Behavioural
    Info: Found entity 1: FSM
Info: Found 2 design units, including 1 entities, in source file ha.vhd
    Info: Found design unit 1: HA-behaviour
    Info: Found entity 1: HA
Info: Found 2 design units, including 1 entities, in source file lab6.vhd
    Info: Found design unit 1: LAB6-behavioural
    Info: Found entity 1: LAB6
Info: Found 2 design units, including 1 entities, in source file memory.vhd
    Info: Found design unit 1: Memory-behaviour
    Info: Found entity 1: Memory
Info: Found 2 design units, including 1 entities, in source file mux3to1.vhd
    Info: Found design unit 1: Mux3to1-behaviour
    Info: Found entity 1: Mux3to1
Info: Found 2 design units, including 1 entities, in source file reg_signed.vhd
    Info: Found design unit 1: reg_sig-Behavior
    Info: Found entity 1: reg_sig
Info: Found 2 design units, including 1 entities, in source file reg_unsigned.vhd
    Info: Found design unit 1: reg_unsigned-Behavior
    Info: Found entity 1: reg_unsigned
Info: Found 2 design units, including 1 entities, in source file rounder.vhd
    Info: Found design unit 1: rounder-behaviour
    Info: Found entity 1: rounder
Info: Found 2 design units, including 1 entities, in source file shift_l_4.vhd
    Info: Found design unit 1: shift_l_4-structural
    Info: Found entity 1: shift_l_4
Info: Found 2 design units, including 1 entities, in source file shift_r_1.vhd
    Info: Found design unit 1: shift_r_1-structural
    Info: Found entity 1: shift_r_1
Info: Found 2 design units, including 1 entities, in source file shift_r_2.vhd
    Info: Found design unit 1: shift_r_2-structural
    Info: Found entity 1: shift_r_2
Info: Found 2 design units, including 1 entities, in source file tflipflop.vhd
    Info: Found design unit 1: tflipflop-structural
    Info: Found entity 1: tflipflop
Info: Elaborating entity "LAB6" for the top level hierarchy
Warning (10036): Verilog HDL or VHDL warning at LAB6.vhd(47): object "RESET" assigned a value but never read
Info: Elaborating entity "Datapath" for hierarchy "Datapath:DP"
Info: Elaborating entity "shift_r_2" for hierarchy "Datapath:DP|shift_r_2:shift_right_2"
Info: Elaborating entity "shift_r_1" for hierarchy "Datapath:DP|shift_r_1:shift_right_1"
Info: Elaborating entity "shift_l_4" for hierarchy "Datapath:DP|shift_l_4:shift_left_4"
Info: Elaborating entity "reg_sig" for hierarchy "Datapath:DP|reg_sig:ff_1"
Info: Elaborating entity "Mux3to1" for hierarchy "Datapath:DP|Mux3to1:mux_1"
Info (10041): Inferred latch for "OUT_DATA[0]" at Mux3to1.vhd(13)
Info (10041): Inferred latch for "OUT_DATA[1]" at Mux3to1.vhd(13)
Info (10041): Inferred latch for "OUT_DATA[2]" at Mux3to1.vhd(13)
Info (10041): Inferred latch for "OUT_DATA[3]" at Mux3to1.vhd(13)
Info (10041): Inferred latch for "OUT_DATA[4]" at Mux3to1.vhd(13)
Info (10041): Inferred latch for "OUT_DATA[5]" at Mux3to1.vhd(13)
Info (10041): Inferred latch for "OUT_DATA[6]" at Mux3to1.vhd(13)
Info (10041): Inferred latch for "OUT_DATA[7]" at Mux3to1.vhd(13)
Info (10041): Inferred latch for "OUT_DATA[8]" at Mux3to1.vhd(13)
Info (10041): Inferred latch for "OUT_DATA[9]" at Mux3to1.vhd(13)
Info (10041): Inferred latch for "OUT_DATA[10]" at Mux3to1.vhd(13)
Info (10041): Inferred latch for "OUT_DATA[11]" at Mux3to1.vhd(13)
Info: Elaborating entity "Adder" for hierarchy "Datapath:DP|Adder:sommatore"
Info: Elaborating entity "reg_sig" for hierarchy "Datapath:DP|reg_sig:ff_3"
Info: Elaborating entity "rounder" for hierarchy "Datapath:DP|rounder:rounding"
Info: Elaborating entity "counter_Nbit" for hierarchy "Datapath:DP|counter_Nbit:cnt_1"
Warning (10036): Verilog HDL or VHDL warning at counter_Nbit.vhd(16): object "Q_neg" assigned a value but never read
Info: Elaborating entity "tflipflop" for hierarchy "Datapath:DP|counter_Nbit:cnt_1|tflipflop:\GEN_CNT:0:TFF_X"
Info: Elaborating entity "dflipflop" for hierarchy "Datapath:DP|counter_Nbit:cnt_1|tflipflop:\GEN_CNT:0:TFF_X|dflipflop:ff"
Info: Elaborating entity "Counter_positivi" for hierarchy "Datapath:DP|Counter_positivi:cnt_2"
Info: Elaborating entity "HA" for hierarchy "Datapath:DP|Counter_positivi:cnt_2|HA:HalfAdder"
Info: Elaborating entity "reg_unsigned" for hierarchy "Datapath:DP|Counter_positivi:cnt_2|reg_unsigned:reg"
Info: Elaborating entity "FSM" for hierarchy "FSM:CU"
Info: Elaborating entity "Memory" for hierarchy "Memory:MEM_A"
Warning: LATCH primitive "Datapath:DP|Mux3to1:mux_2|OUT_DATA[0]" is permanently enabled
Warning: LATCH primitive "Datapath:DP|Mux3to1:mux_2|OUT_DATA[1]" is permanently enabled
Warning: LATCH primitive "Datapath:DP|Mux3to1:mux_2|OUT_DATA[2]" is permanently enabled
Warning: LATCH primitive "Datapath:DP|Mux3to1:mux_2|OUT_DATA[3]" is permanently enabled
Warning: LATCH primitive "Datapath:DP|Mux3to1:mux_2|OUT_DATA[4]" is permanently enabled
Warning: LATCH primitive "Datapath:DP|Mux3to1:mux_2|OUT_DATA[5]" is permanently enabled
Warning: LATCH primitive "Datapath:DP|Mux3to1:mux_2|OUT_DATA[6]" is permanently enabled
Warning: LATCH primitive "Datapath:DP|Mux3to1:mux_2|OUT_DATA[7]" is permanently enabled
Warning: LATCH primitive "Datapath:DP|Mux3to1:mux_2|OUT_DATA[8]" is permanently enabled
Warning: LATCH primitive "Datapath:DP|Mux3to1:mux_2|OUT_DATA[9]" is permanently enabled
Warning: LATCH primitive "Datapath:DP|Mux3to1:mux_2|OUT_DATA[10]" is permanently enabled
Warning: LATCH primitive "Datapath:DP|Mux3to1:mux_2|OUT_DATA[11]" is permanently enabled
Warning: LATCH primitive "Datapath:DP|Mux3to1:mux_1|OUT_DATA[0]" is permanently enabled
Warning: LATCH primitive "Datapath:DP|Mux3to1:mux_1|OUT_DATA[1]" is permanently enabled
Warning: LATCH primitive "Datapath:DP|Mux3to1:mux_1|OUT_DATA[2]" is permanently enabled
Warning: LATCH primitive "Datapath:DP|Mux3to1:mux_1|OUT_DATA[3]" is permanently enabled
Warning: LATCH primitive "Datapath:DP|Mux3to1:mux_1|OUT_DATA[4]" is permanently enabled
Warning: LATCH primitive "Datapath:DP|Mux3to1:mux_1|OUT_DATA[5]" is permanently enabled
Warning: LATCH primitive "Datapath:DP|Mux3to1:mux_1|OUT_DATA[6]" is permanently enabled
Warning: LATCH primitive "Datapath:DP|Mux3to1:mux_1|OUT_DATA[7]" is permanently enabled
Warning: LATCH primitive "Datapath:DP|Mux3to1:mux_1|OUT_DATA[8]" is permanently enabled
Warning: LATCH primitive "Datapath:DP|Mux3to1:mux_1|OUT_DATA[9]" is permanently enabled
Warning: LATCH primitive "Datapath:DP|Mux3to1:mux_1|OUT_DATA[10]" is permanently enabled
Warning: LATCH primitive "Datapath:DP|Mux3to1:mux_1|OUT_DATA[11]" is permanently enabled
Info: Found 1 instances of uninferred RAM logic
    Info: RAM logic "Memory:MEM_A|MEMORIA" is uninferred due to asynchronous read logic
Warning: 1 hierarchies have connectivity warnings - see the Connectivity Checks report folder
Warning: Output pins are stuck at VCC or GND
    Warning (13410): Pin "DATA_OUT[0]" is stuck at GND
    Warning (13410): Pin "DATA_OUT[1]" is stuck at GND
    Warning (13410): Pin "DATA_OUT[2]" is stuck at GND
    Warning (13410): Pin "DATA_OUT[3]" is stuck at GND
    Warning (13410): Pin "DATA_OUT[4]" is stuck at GND
    Warning (13410): Pin "DATA_OUT[5]" is stuck at GND
    Warning (13410): Pin "DATA_OUT[6]" is stuck at GND
    Warning (13410): Pin "DATA_OUT[7]" is stuck at GND
Info: Implemented 14886 device resources after synthesis - the final resource count might be different
    Info: Implemented 11 input pins
    Info: Implemented 20 output pins
    Info: Implemented 14855 logic cells
Info: Quartus II Analysis & Synthesis was successful. 0 errors, 36 warnings
    Info: Peak virtual memory: 268 megabytes
    Info: Processing ended: Sun Apr 28 15:36:54 2019
    Info: Elapsed time: 00:01:05
    Info: Total CPU time (on all processors): 00:01:06


